{"schema":"shore.review-assessment-add","version":1,"reviewUnitId":"review-unit:sha256:<h>","assessmentId":"assess:sha256:<h>","eventId":"evt:sha256:<h>","trackId":"human:kevin","target":{"kind":"review_unit","reviewUnitId":"review-unit:sha256:<h>"},"assessment":"accepted","summaryContentHash":"sha256:<h>","eventsCreated":1,"eventsExisting":0,"eventsCreatedByType":{"review_assessment_recorded":1},"diagnostics":[]}
