{"schema":"shore.review-capture","version":1,"reviewUnit":{"id":"review-unit:sha256:<h>","base":{"kind":"git_commit","commitOid":"<oid>","treeOid":"<oid>"},"target":{"kind":"git_working_tree","worktreeRoot":"<repo>"},"revisionId":"rev:git:sha256:<h>","snapshotId":"snap:git:sha256:<h>","snapshotArtifactContentHash":"sha256:<h>"},"eventsCreated":2,"eventsExisting":0,"eventsCreatedByType":{"review_unit_captured":1,"review_unit_ref_associated":1},"diagnostics":[]}
