{"schema":"shore.review-observation-add","version":1,"reviewUnitId":"review-unit:sha256:<h>","observationId":"obs:sha256:<h>","eventId":"evt:sha256:<h>","trackId":"agent:codex","target":{"kind":"review_unit","reviewUnitId":"review-unit:sha256:<h>"},"bodyContentHash":"sha256:<h>","eventsCreated":1,"eventsExisting":0,"eventsCreatedByType":{"review_observation_recorded":1},"diagnostics":[]}
